// Jest Snapshot v1, https://goo.gl/fbAQLP

exports[`ClipboardButton matches snapshot 1`] = `
<button
  aria-describedby={null}
  className="components-button components-clipboard-button"
  onCopy={[Function]}
  type="button"
/>
`;
